// Jest Snapshot v1, https://goo.gl/fbAQLP

exports[`HighlightRail should render without throwing an error 1`] = `
<div>
  <div
    class="highlight"
  />
</div>
`;
